../Core/Src/main.c:86:6:HAL_CAN_RxFifo0MsgPendingCallback	16	static
../Core/Src/main.c:111:5:main	8	static
../Core/Src/main.c:184:6:SystemClock_Config	88	static
../Core/Src/main.c:283:13:MX_CAN1_Init	48	static
../Core/Src/main.c:337:13:MX_I2C1_Init	8	static
../Core/Src/main.c:371:13:MX_SPI2_Init	8	static
../Core/Src/main.c:410:13:MX_USART2_UART_Init	8	static
../Core/Src/main.c:443:13:MX_GPIO_Init	48	static
../Core/Src/main.c:480:6:I2C_SendData	16	static
../Core/Src/main.c:491:6:SPI_SendData	8	static
../Core/Src/main.c:524:6:Error_Handler	4	static,ignoring_inline_asm
